// Jest Snapshot v1, https://goo.gl/fbAQLP

exports[`Subtitle should render correctly 1`] = `ShallowWrapper {}`;
